['n02124075 Egyptian cat' 'n04482393 tricycle, trike, velocipede']